ERR invalid type: sequence, expected a string
ERR invalid type: sequence, expected a string
ERR invalid type: map, expected a string
ERR invalid type: null, expected a string
ERR invalid type: map, expected a string
ERR invalid type: null, expected a string
ERR invalid type: map, expected a string
ERR invalid type: map, expected a string
OK {"where_not":"null","why_not":"null"}
ERR invalid type: boolean `true`, expected a string
ERR invalid type: boolean `true`, expected a string
ERR invalid type: integer `-1`, expected a string
ERR invalid type: map, expected a string
ERR invalid type: sequence, expected a string
ERR invalid type: boolean `true`, expected a string
ERR invalid type: null, expected a string
ERR invalid type: boolean `false`, expected a string
ERR invalid type: sequence, expected a string
OK {"where_not":"abc","why_not":"with \"quotes\""}
ERR invalid type: sequence, expected a string
ERR invalid type: boolean `true`, expected a string
ERR invalid type: map, expected a string
ERR invalid type: map, expected a string
ERR invalid type: sequence, expected a string
