OK "ok"
OK "a-b_c"
OK "a-b_c"
OK "ok"
OK "x y"
OK "Hello, World"
OK "ok"
ERR invalid type: map, expected a string
OK "with \"quotes\""
OK "x y"
OK "with \"quotes\""
ERR invalid type: null, expected a string
OK "abc"
OK "null"
OK "true"
OK "true"
OK "😀"
OK "a-b_c"
OK "true"
ERR invalid type: map, expected a string
OK "Hello, World"
OK "😀"
OK "😀"
ERR invalid type: map, expected a string
ERR input contains invalid characters
OK {}
ERR input contains invalid characters
ERR input contains invalid characters
OK {}
OK {}
ERR input contains invalid characters
ERR input contains invalid characters
ERR input contains invalid characters
ERR input contains invalid characters
OK {}
ERR input contains invalid characters
ERR input contains invalid characters
OK {}
ERR input contains invalid characters
ERR invalid type: sequence, expected a map
ERR input contains invalid characters
ERR input contains invalid characters
ERR input contains invalid characters
ERR input contains invalid characters
OK {}
OK {}
ERR invalid type: sequence, expected a map
ERR input contains invalid characters
ERR input contains invalid characters
OK {}
ERR input contains invalid characters
ERR input contains invalid characters
OK {}
OK {}
ERR input contains invalid characters
ERR input contains invalid characters
ERR input contains invalid characters
OK {}
ERR input contains invalid characters
ERR input contains invalid characters
OK {}
ERR input contains invalid characters
ERR input contains invalid characters
ERR input contains invalid characters
OK {}
ERR input contains invalid characters
OK {}
ERR invalid type: null, expected a map
ERR input contains invalid characters
OK {}
ERR input contains invalid characters
ERR input contains invalid characters
OK {"extra_key":"x y"}
OK {"extra_key":"UPPER"}
OK {"extra_key":"abc"}
OK {}
OK {"extra_key":"UPPER"}
OK {"extra_key":"1234"}
OK {"extra_key":"Hello, World"}
ERR invalid type: map, expected a string
OK {"extra_key":"abc"}
OK {}
OK {"extra_key":"é中文"}
OK {"extra_key":"0x10"}
OK {"extra_key":"a-b_c"}
OK {}
OK {"extra_key":""}
ERR invalid type: map, expected a string
OK {"extra_key":"true"}
OK {"extra_key":"true"}
OK {}
ERR invalid type: map, expected a string
OK {}
OK {}
OK {"extra_key":"null"}
ERR invalid type: map, expected a string
OK "😀"
OK "0x10"
OK "a"
ERR invalid type: map, expected a string
OK "null"
OK "a"
OK "null"
ERR invalid type: sequence, expected a string
OK "with \"quotes\""
OK "Hello, World"
OK "abc"
ERR invalid type: null, expected a string
OK "a"
OK "Hello, World"
OK "null"
ERR invalid type: floating point `-2.25`, expected a string
OK "1234"
OK "null"
OK "null"
ERR invalid type: null, expected a string
OK "null"
OK "true"
OK "a"
ERR invalid type: sequence, expected a string
OK {}
OK {"key":[]}
OK {"key":null}
OK {"key":-2.25,"unexpected_field":3}
OK {}
OK {"key":false}
OK {}
ERR invalid type: string "UPPER", expected a map
OK {}
OK {}
OK {}
OK {"key":null}
OK {"key":["a-b_c"]}
OK {}
OK {}
OK {"wrapped":{}}
OK {"key":true}
OK {}
OK {}
OK {}
OK {}
OK {}
OK {}
OK {"key":false}
