ERR doesn't match pattern "xx"
ERR doesn't match pattern "xx"
ERR doesn't match pattern "xx"
ERR invalid type: map, expected a string
ERR doesn't match pattern "xx"
ERR doesn't match pattern "xx"
ERR doesn't match pattern "xx"
ERR invalid type: map, expected a string
ERR doesn't match pattern "xx"
ERR doesn't match pattern "xx"
ERR doesn't match pattern "xx"
ERR invalid type: null, expected a string
ERR doesn't match pattern "xx"
ERR doesn't match pattern "xx"
ERR doesn't match pattern "xx"
ERR invalid type: map, expected a string
OK 2
OK 3
OK 2
ERR invalid type: null, expected u32
OK 7
OK 3
OK 3
ERR invalid type: sequence, expected u32
OK 2
OK 2
OK 7
ERR invalid type: sequence, expected u32
OK 2
OK 7
OK 5
ERR invalid type: boolean `true`, expected u32
